line 23:16 incompatible types (expected integer array, found boolean array) for parameter 1 of call to 'takesArray'
line 24:16 incompatible types (expected integer array, found integer) for parameter 1 of call to 'takesArray'
line 25:17 incompatible types (expected integer, found integer array) for parameter 1 of call to 'takesScalar'
