line 11:12 incompatible types (expected integer, found boolean) for operator '='
line 12:12 incompatible types (expected boolean, found integer) for operator '='
line 13:12 incompatible types (expected integer, found boolean) for operator '#'
line 14:12 incompatible types (expected boolean, found integer) for operator '#'
line 15:18 incompatible types (expected boolean, found integer) for operator '='
