line 18:10 expected scalar variable instead of 'a'
line 19:10 expected scalar variable instead of 'c'
line 20:10 'f' is not a variable
line 21:10 'io' is not a variable
line 22:11 'write' is an illegal array operation
line 23:11 'write' is an illegal array operation
line 24:20 'write' is an illegal array operation
line 25:11 'f' is not a function
