line 12:5 unknown identifier 'ghost'
line 13:5 unknown identifier 'ghost'
line 14:5 unknown identifier 'ghost'
line 15:10 unknown identifier 'ghost'
line 16:10 unknown identifier 'ghost'
line 17:10 unknown identifier 'ghost'
line 18:12 unknown identifier 'ghost'
line 19:10 unknown identifier 'ghost'
line 19:18 unknown identifier 'ghost'
line 19:29 unknown identifier 'ghost'
line 20:5 unknown identifier 'ghost'
line 21:10 unknown identifier 'ghost'
line 22:11 unknown identifier 'ghost'
line 23:8 unknown identifier 'ghost'
